Archive member included because of file (symbol)

c:/program files/atmel/avr tools/avr toolchain/bin/../lib/gcc/avr/4.5.1/avr5\libgcc.a(_udivmodqi4.o)
                              sevenseg.o (__udivmodqi4)
c:/program files/atmel/avr tools/avr toolchain/bin/../lib/gcc/avr/4.5.1/avr5\libgcc.a(_udivmodhi4.o)
                              main.o (__udivmodhi4)
c:/program files/atmel/avr tools/avr toolchain/bin/../lib/gcc/avr/4.5.1/avr5\libgcc.a(_exit.o)
                              c:/program files/atmel/avr tools/avr toolchain/bin/../lib/gcc/avr/4.5.1/../../../../avr/lib/avr5/crtm16.o (exit)
c:/program files/atmel/avr tools/avr toolchain/bin/../lib/gcc/avr/4.5.1/avr5\libgcc.a(_copy_data.o)
                              sevenseg.o (__do_copy_data)
c:/program files/atmel/avr tools/avr toolchain/bin/../lib/gcc/avr/4.5.1/avr5\libgcc.a(_clear_bss.o)
                              main.o (__do_clear_bss)

Allocating common symbols
Common symbol       size              file

g_seven_mask_for_digit_to_blink
                    0x1               sevenseg.o
g_timer             0x7               main.o
g_seven_time_for_sevenseg
                    0x6               sevenseg.o
op_status           0x1               rf73_spi.o
g_seven_mask_for_points
                    0x1               sevenseg.o

Memory Configuration

Name             Origin             Length             Attributes
text             0x00000000         0x00020000         xr
data             0x00800060         0x0000ffa0         rw !x
eeprom           0x00810000         0x00010000         rw !x
fuse             0x00820000         0x00000400         rw !x
lock             0x00830000         0x00000400         rw !x
signature        0x00840000         0x00000400         rw !x
*default*        0x00000000         0xffffffff

Linker script and memory map

LOAD c:/program files/atmel/avr tools/avr toolchain/bin/../lib/gcc/avr/4.5.1/../../../../avr/lib/avr5/crtm16.o
LOAD main.o
LOAD timer.o
LOAD sevenseg.o
LOAD buttons.o
LOAD led.o
LOAD rf73_spi.o
LOAD c:/program files/atmel/avr tools/avr toolchain/bin/../lib/gcc/avr/4.5.1/avr5\libgcc.a
LOAD c:/program files/atmel/avr tools/avr toolchain/bin/../lib/gcc/avr/4.5.1/../../../../avr/lib/avr5\libc.a
LOAD c:/program files/atmel/avr tools/avr toolchain/bin/../lib/gcc/avr/4.5.1/avr5\libgcc.a

.hash
 *(.hash)

.dynsym
 *(.dynsym)

.dynstr
 *(.dynstr)

.gnu.version
 *(.gnu.version)

.gnu.version_d
 *(.gnu.version_d)

.gnu.version_r
 *(.gnu.version_r)

.rel.init
 *(.rel.init)

.rela.init
 *(.rela.init)

.rel.text
 *(.rel.text)
 *(.rel.text.*)
 *(.rel.gnu.linkonce.t*)

.rela.text
 *(.rela.text)
 *(.rela.text.*)
 *(.rela.gnu.linkonce.t*)

.rel.fini
 *(.rel.fini)

.rela.fini
 *(.rela.fini)

.rel.rodata
 *(.rel.rodata)
 *(.rel.rodata.*)
 *(.rel.gnu.linkonce.r*)

.rela.rodata
 *(.rela.rodata)
 *(.rela.rodata.*)
 *(.rela.gnu.linkonce.r*)

.rel.data
 *(.rel.data)
 *(.rel.data.*)
 *(.rel.gnu.linkonce.d*)

.rela.data
 *(.rela.data)
 *(.rela.data.*)
 *(.rela.gnu.linkonce.d*)

.rel.ctors
 *(.rel.ctors)

.rela.ctors
 *(.rela.ctors)

.rel.dtors
 *(.rel.dtors)

.rela.dtors
 *(.rela.dtors)

.rel.got
 *(.rel.got)

.rela.got
 *(.rela.got)

.rel.bss
 *(.rel.bss)

.rela.bss
 *(.rela.bss)

.rel.plt
 *(.rel.plt)

.rela.plt
 *(.rela.plt)

.text           0x00000000      0xbba
 *(.vectors)
 .vectors       0x00000000       0x54 c:/program files/atmel/avr tools/avr toolchain/bin/../lib/gcc/avr/4.5.1/../../../../avr/lib/avr5/crtm16.o
                0x00000000                __vector_default
                0x00000000                __vectors
 *(.vectors)
 *(.progmem.gcc*)
 *(.progmem*)
                0x00000054                . = ALIGN (0x2)
                0x00000054                __trampolines_start = .
 *(.trampolines)
 .trampolines   0x00000054        0x0 linker stubs
 *(.trampolines*)
                0x00000054                __trampolines_end = .
 *(.jumptables)
 *(.jumptables*)
 *(.lowtext)
 *(.lowtext*)
                0x00000054                __ctors_start = .
 *(.ctors)
                0x00000054                __ctors_end = .
                0x00000054                __dtors_start = .
 *(.dtors)
                0x00000054                __dtors_end = .
 SORT(*)(.ctors)
 SORT(*)(.dtors)
 *(.init0)
 .init0         0x00000054        0x0 c:/program files/atmel/avr tools/avr toolchain/bin/../lib/gcc/avr/4.5.1/../../../../avr/lib/avr5/crtm16.o
                0x00000054                __init
 *(.init0)
 *(.init1)
 *(.init1)
 *(.init2)
 .init2         0x00000054        0xc c:/program files/atmel/avr tools/avr toolchain/bin/../lib/gcc/avr/4.5.1/../../../../avr/lib/avr5/crtm16.o
 *(.init2)
 *(.init3)
 *(.init3)
 *(.init4)
 .init4         0x00000060       0x16 c:/program files/atmel/avr tools/avr toolchain/bin/../lib/gcc/avr/4.5.1/avr5\libgcc.a(_copy_data.o)
                0x00000060                __do_copy_data
 .init4         0x00000076       0x10 c:/program files/atmel/avr tools/avr toolchain/bin/../lib/gcc/avr/4.5.1/avr5\libgcc.a(_clear_bss.o)
                0x00000076                __do_clear_bss
 *(.init4)
 *(.init5)
 *(.init5)
 *(.init6)
 *(.init6)
 *(.init7)
 *(.init7)
 *(.init8)
 *(.init8)
 *(.init9)
 .init9         0x00000086        0x8 c:/program files/atmel/avr tools/avr toolchain/bin/../lib/gcc/avr/4.5.1/../../../../avr/lib/avr5/crtm16.o
 *(.init9)
 *(.text)
 .text          0x0000008e        0x4 c:/program files/atmel/avr tools/avr toolchain/bin/../lib/gcc/avr/4.5.1/../../../../avr/lib/avr5/crtm16.o
                0x0000008e                __vector_1
                0x0000008e                __vector_12
                0x0000008e                __bad_interrupt
                0x0000008e                __vector_6
                0x0000008e                __vector_3
                0x0000008e                __vector_11
                0x0000008e                __vector_13
                0x0000008e                __vector_17
                0x0000008e                __vector_19
                0x0000008e                __vector_7
                0x0000008e                __vector_5
                0x0000008e                __vector_9
                0x0000008e                __vector_2
                0x0000008e                __vector_15
                0x0000008e                __vector_14
                0x0000008e                __vector_10
                0x0000008e                __vector_16
                0x0000008e                __vector_18
                0x0000008e                __vector_20
 .text          0x00000092      0x3a6 main.o
                0x00000092                makeBoom
                0x000000b0                setupTIMER1
                0x000000c4                setupTIMER2
                0x000000dc                __vector_4
                0x0000014e                workSevenSeg
                0x00000158                workButtons
                0x0000023a                __vector_8
                0x0000029c                startDelayWithAnime
                0x0000034e                main
 .text          0x00000438       0x82 timer.o
                0x00000438                setTimer
                0x0000044c                decTimer
                0x00000498                resetTimer
                0x000004ac                startTimer
                0x000004b2                stopTimer
 .text          0x000004ba      0x21e sevenseg.o
                0x000004ba                initSevenSeg
                0x000004fe                sevenSegShowCode
                0x00000526                sevenSegShowArrayCode
                0x00000564                sevenSegShowDigit
                0x0000064a                sevenSegShowGTimer
                0x0000069c                sevenSegShowGTimerTime
                0x000006a6                sevenSegShowGTimerInit
 .text          0x000006d8       0xcc buttons.o
                0x000006d8                initButtons
                0x000006de                buttonGetCurState
                0x000006f4                buttonCheckOncePush
                0x0000071c                buttonCheckTwoButAtOnceTimeOncePush
                0x00000762                getButtonWorkTheame
 .text          0x000007a4        0x4 led.o
                0x000007a4                initLed
 .text          0x000007a8      0x3ce rf73_spi.o
                0x000007a8                Init_Spi
                0x000007b6                ReadWrite_Spi
                0x000007c0                SPI_Write_Reg
                0x000007e8                SPI_Read_Reg
                0x000007fc                SPI_Read_Buf
                0x0000084a                SPI_Write_Buf
                0x0000089a                SwitchToRxMode
                0x000008c6                SwitchToTxMode
                0x000008e4                SwitchCFG
                0x00000908                SetChannelNum
                0x00000912                RFM73_Initialize
                0x00000ad4                Send_Packet
                0x00000b1e                Receive_Packet
 .text          0x00000b76        0x0 c:/program files/atmel/avr tools/avr toolchain/bin/../lib/gcc/avr/4.5.1/avr5\libgcc.a(_udivmodqi4.o)
 .text          0x00000b76        0x0 c:/program files/atmel/avr tools/avr toolchain/bin/../lib/gcc/avr/4.5.1/avr5\libgcc.a(_udivmodhi4.o)
 .text          0x00000b76        0x0 c:/program files/atmel/avr tools/avr toolchain/bin/../lib/gcc/avr/4.5.1/avr5\libgcc.a(_exit.o)
 .text          0x00000b76        0x0 c:/program files/atmel/avr tools/avr toolchain/bin/../lib/gcc/avr/4.5.1/avr5\libgcc.a(_copy_data.o)
 .text          0x00000b76        0x0 c:/program files/atmel/avr tools/avr toolchain/bin/../lib/gcc/avr/4.5.1/avr5\libgcc.a(_clear_bss.o)
                0x00000b76                . = ALIGN (0x2)
 *(.text.*)
 .text.libgcc   0x00000b76       0x18 c:/program files/atmel/avr tools/avr toolchain/bin/../lib/gcc/avr/4.5.1/avr5\libgcc.a(_udivmodqi4.o)
                0x00000b76                __udivmodqi4
 .text.libgcc   0x00000b8e       0x28 c:/program files/atmel/avr tools/avr toolchain/bin/../lib/gcc/avr/4.5.1/avr5\libgcc.a(_udivmodhi4.o)
                0x00000b8e                __udivmodhi4
 .text.libgcc   0x00000bb6        0x0 c:/program files/atmel/avr tools/avr toolchain/bin/../lib/gcc/avr/4.5.1/avr5\libgcc.a(_exit.o)
 .text.libgcc   0x00000bb6        0x0 c:/program files/atmel/avr tools/avr toolchain/bin/../lib/gcc/avr/4.5.1/avr5\libgcc.a(_copy_data.o)
 .text.libgcc   0x00000bb6        0x0 c:/program files/atmel/avr tools/avr toolchain/bin/../lib/gcc/avr/4.5.1/avr5\libgcc.a(_clear_bss.o)
                0x00000bb6                . = ALIGN (0x2)
 *(.fini9)
 .fini9         0x00000bb6        0x0 c:/program files/atmel/avr tools/avr toolchain/bin/../lib/gcc/avr/4.5.1/avr5\libgcc.a(_exit.o)
                0x00000bb6                _exit
                0x00000bb6                exit
 *(.fini9)
 *(.fini8)
 *(.fini8)
 *(.fini7)
 *(.fini7)
 *(.fini6)
 *(.fini6)
 *(.fini5)
 *(.fini5)
 *(.fini4)
 *(.fini4)
 *(.fini3)
 *(.fini3)
 *(.fini2)
 *(.fini2)
 *(.fini1)
 *(.fini1)
 *(.fini0)
 .fini0         0x00000bb6        0x4 c:/program files/atmel/avr tools/avr toolchain/bin/../lib/gcc/avr/4.5.1/avr5\libgcc.a(_exit.o)
 *(.fini0)
                0x00000bba                _etext = .

.data           0x00800060       0x8e load address 0x00000bba
                0x00800060                PROVIDE (__data_start, .)
 *(.data)
 .data          0x00800060        0x0 c:/program files/atmel/avr tools/avr toolchain/bin/../lib/gcc/avr/4.5.1/../../../../avr/lib/avr5/crtm16.o
 .data          0x00800060        0x0 main.o
 .data          0x00800060        0x0 timer.o
 .data          0x00800060       0x12 sevenseg.o
                0x00800060                SevenSegSwichingAr
                0x00800066                SevenSegCodes
 .data          0x00800072        0x0 buttons.o
 .data          0x00800072        0x0 led.o
 .data          0x00800072       0x7b rf73_spi.o
                0x00800072                Bank1_Reg0_13
                0x008000aa                Bank1_Reg14
                0x008000b5                Bank0_Reg
                0x008000e3                RX0_Address
                0x008000e8                RX1_Address
 .data          0x008000ed        0x0 c:/program files/atmel/avr tools/avr toolchain/bin/../lib/gcc/avr/4.5.1/avr5\libgcc.a(_udivmodqi4.o)
 .data          0x008000ed        0x0 c:/program files/atmel/avr tools/avr toolchain/bin/../lib/gcc/avr/4.5.1/avr5\libgcc.a(_udivmodhi4.o)
 .data          0x008000ed        0x0 c:/program files/atmel/avr tools/avr toolchain/bin/../lib/gcc/avr/4.5.1/avr5\libgcc.a(_exit.o)
 .data          0x008000ed        0x0 c:/program files/atmel/avr tools/avr toolchain/bin/../lib/gcc/avr/4.5.1/avr5\libgcc.a(_copy_data.o)
 .data          0x008000ed        0x0 c:/program files/atmel/avr tools/avr toolchain/bin/../lib/gcc/avr/4.5.1/avr5\libgcc.a(_clear_bss.o)
 *(.data*)
 *(.rodata)
 *(.rodata*)
 *(.gnu.linkonce.d*)
                0x008000ee                . = ALIGN (0x2)
 *fill*         0x008000ed        0x1 00
                0x008000ee                _edata = .
                0x008000ee                PROVIDE (__data_end, .)

.bss            0x008000ee       0x18
                0x008000ee                PROVIDE (__bss_start, .)
 *(.bss)
 .bss           0x008000ee        0x0 c:/program files/atmel/avr tools/avr toolchain/bin/../lib/gcc/avr/4.5.1/../../../../avr/lib/avr5/crtm16.o
 .bss           0x008000ee        0x4 main.o
                0x008000ee                g_timeout_in_timer_setup
 .bss           0x008000f2        0x0 timer.o
 .bss           0x008000f2        0x1 sevenseg.o
 .bss           0x008000f3        0x3 buttons.o
 .bss           0x008000f6        0x0 led.o
 .bss           0x008000f6        0x0 rf73_spi.o
 .bss           0x008000f6        0x0 c:/program files/atmel/avr tools/avr toolchain/bin/../lib/gcc/avr/4.5.1/avr5\libgcc.a(_udivmodqi4.o)
 .bss           0x008000f6        0x0 c:/program files/atmel/avr tools/avr toolchain/bin/../lib/gcc/avr/4.5.1/avr5\libgcc.a(_udivmodhi4.o)
 .bss           0x008000f6        0x0 c:/program files/atmel/avr tools/avr toolchain/bin/../lib/gcc/avr/4.5.1/avr5\libgcc.a(_exit.o)
 .bss           0x008000f6        0x0 c:/program files/atmel/avr tools/avr toolchain/bin/../lib/gcc/avr/4.5.1/avr5\libgcc.a(_copy_data.o)
 .bss           0x008000f6        0x0 c:/program files/atmel/avr tools/avr toolchain/bin/../lib/gcc/avr/4.5.1/avr5\libgcc.a(_clear_bss.o)
 *(.bss*)
 *(COMMON)
 COMMON         0x008000f6        0x7 main.o
                0x008000f6                g_timer
 COMMON         0x008000fd        0x8 sevenseg.o
                0x008000fd                g_seven_mask_for_digit_to_blink
                0x008000fe                g_seven_time_for_sevenseg
                0x00800104                g_seven_mask_for_points
 COMMON         0x00800105        0x1 rf73_spi.o
                0x00800105                op_status
                0x00800106                PROVIDE (__bss_end, .)
                0x00000bba                __data_load_start = LOADADDR (.data)
                0x00000c48                __data_load_end = (__data_load_start + SIZEOF (.data))

.noinit         0x00800106        0x0
                0x00800106                PROVIDE (__noinit_start, .)
 *(.noinit*)
                0x00800106                PROVIDE (__noinit_end, .)
                0x00800106                _end = .
                0x00800106                PROVIDE (__heap_start, .)

.eeprom         0x00810000        0x0
 *(.eeprom*)
                0x00810000                __eeprom_end = .

.fuse
 *(.fuse)
 *(.lfuse)
 *(.hfuse)
 *(.efuse)

.lock
 *(.lock*)

.signature
 *(.signature*)

.stab           0x00000000      0x6cc
 *(.stab)
 .stab          0x00000000      0x6cc c:/program files/atmel/avr tools/avr toolchain/bin/../lib/gcc/avr/4.5.1/../../../../avr/lib/avr5/crtm16.o

.stabstr        0x00000000       0x85
 *(.stabstr)
 .stabstr       0x00000000       0x85 c:/program files/atmel/avr tools/avr toolchain/bin/../lib/gcc/avr/4.5.1/../../../../avr/lib/avr5/crtm16.o

.stab.excl
 *(.stab.excl)

.stab.exclstr
 *(.stab.exclstr)

.stab.index
 *(.stab.index)

.stab.indexstr
 *(.stab.indexstr)

.comment
 *(.comment)

.debug
 *(.debug)

.line
 *(.line)

.debug_srcinfo
 *(.debug_srcinfo)

.debug_sfnames
 *(.debug_sfnames)

.debug_aranges  0x00000000       0xc0
 *(.debug_aranges)
 .debug_aranges
                0x00000000       0x20 main.o
 .debug_aranges
                0x00000020       0x20 timer.o
 .debug_aranges
                0x00000040       0x20 sevenseg.o
 .debug_aranges
                0x00000060       0x20 buttons.o
 .debug_aranges
                0x00000080       0x20 led.o
 .debug_aranges
                0x000000a0       0x20 rf73_spi.o

.debug_pubnames
                0x00000000      0x45d
 *(.debug_pubnames)
 .debug_pubnames
                0x00000000       0xc8 main.o
 .debug_pubnames
                0x000000c8       0x58 timer.o
 .debug_pubnames
                0x00000120      0x13c sevenseg.o
 .debug_pubnames
                0x0000025c       0x90 buttons.o
 .debug_pubnames
                0x000002ec       0x1e led.o
 .debug_pubnames
                0x0000030a      0x153 rf73_spi.o

.debug_info     0x00000000     0x15e8
 *(.debug_info)
 .debug_info    0x00000000      0x54d main.o
 .debug_info    0x0000054d      0x223 timer.o
 .debug_info    0x00000770      0x4fd sevenseg.o
 .debug_info    0x00000c6d      0x258 buttons.o
 .debug_info    0x00000ec5       0x7d led.o
 .debug_info    0x00000f42      0x6a6 rf73_spi.o
 *(.gnu.linkonce.wi.*)

.debug_abbrev   0x00000000      0x999
 *(.debug_abbrev)
 .debug_abbrev  0x00000000      0x29f main.o
 .debug_abbrev  0x0000029f      0x146 timer.o
 .debug_abbrev  0x000003e5      0x204 sevenseg.o
 .debug_abbrev  0x000005e9      0x104 buttons.o
 .debug_abbrev  0x000006ed       0x4a led.o
 .debug_abbrev  0x00000737      0x262 rf73_spi.o

.debug_line     0x00000000     0x115e
 *(.debug_line)
 .debug_line    0x00000000      0x4cb main.o
 .debug_line    0x000004cb      0x159 timer.o
 .debug_line    0x00000624      0x330 sevenseg.o
 .debug_line    0x00000954      0x1f9 buttons.o
 .debug_line    0x00000b4d       0xce led.o
 .debug_line    0x00000c1b      0x543 rf73_spi.o

.debug_frame    0x00000000      0x2e0
 *(.debug_frame)
 .debug_frame   0x00000000       0xa0 main.o
 .debug_frame   0x000000a0       0x60 timer.o
 .debug_frame   0x00000100       0x80 sevenseg.o
 .debug_frame   0x00000180       0x60 buttons.o
 .debug_frame   0x000001e0       0x20 led.o
 .debug_frame   0x00000200       0xe0 rf73_spi.o

.debug_str      0x00000000      0x714
 *(.debug_str)
 .debug_str     0x00000000      0x275 main.o
                                0x2ca (size before relaxing)
 .debug_str     0x00000275       0x34 timer.o
                                 0xe4 (size before relaxing)
 .debug_str     0x000002a9      0x1d6 sevenseg.o
                                0x2f8 (size before relaxing)
 .debug_str     0x0000047f      0x131 buttons.o
                                0x219 (size before relaxing)
 .debug_str     0x000005b0       0x11 led.o
                                 0xae (size before relaxing)
 .debug_str     0x000005c1      0x153 rf73_spi.o
                                0x269 (size before relaxing)

.debug_loc      0x00000000      0xb7f
 *(.debug_loc)
 .debug_loc     0x00000000      0x26c main.o
 .debug_loc     0x0000026c       0x78 timer.o
 .debug_loc     0x000002e4      0x267 sevenseg.o
 .debug_loc     0x0000054b       0xe4 buttons.o
 .debug_loc     0x0000062f      0x550 rf73_spi.o

.debug_macinfo
 *(.debug_macinfo)
OUTPUT(001.elf elf32-avr)
LOAD linker stubs

.debug_pubtypes
                0x00000000      0x23c
 .debug_pubtypes
                0x00000000       0xa1 main.o
 .debug_pubtypes
                0x000000a1       0x60 timer.o
 .debug_pubtypes
                0x00000101       0x79 sevenseg.o
 .debug_pubtypes
                0x0000017a       0x6c buttons.o
 .debug_pubtypes
                0x000001e6       0x1e led.o
 .debug_pubtypes
                0x00000204       0x38 rf73_spi.o

.debug_ranges   0x00000000       0x48
 .debug_ranges  0x00000000       0x30 main.o
 .debug_ranges  0x00000030       0x18 sevenseg.o
